["1PG.AX", "3DM.AX", "AAD.AX", "AADKOD-A", "AAI.AX", "AAK.AX", "AAT.AX", "AAX.AX", "ABU.AX", "ABW.AX", "ABY.AX", "ACE.AX", "ACG.AX", "ACK.AX", "ACO.AX", "ACP.AX", "ACU.AX", "ACX.AX", "ACY01.AX", "ADQ.AX", "AEB.AX", "AED.AX", "AEJ.AX", "AEK.AX", "AES.AX", "AFINA.AX", "AFJ.AX", "AGLCD.AX", "AGO.AX", "AGX.AX", "AHA.AX", "AHD.AX", "AHR.AX", "AIK.AX", "AIO.AX", "AJA.AX", "AJD.AX", "AJY.AX", "AKF.AX", "AKK.AX", "AKY.AX", "ALA.AX", "ALQKOA-A", "ALR.AX", "ANB.AX", "ANI.AX", "ANZCD.AX", "ANZKOR-A", "AOC.AX", "AOD.AX", "AOH.AX", "AOK.AX", "APN.AX", "APO.AX", "APY.AX", "AQF.AX", "AQP.AX", "AQQ.AX", "AQU.AX", "AR1.AX", "ARI.AX", "ARJ.AX", "ARW.AX", "ASXKOR-A", "ASXKOT-A", "ASY.AX", "ASZ.AX", "ATA.AX", "ATE.AX", "ATI.AX", "AUF.AX", "AUIN.AX", "AUK.AX", "AVB.AX", "AVD.AX", "AVI.AX", "AVX.AX", "AWD.AX", "AWE.AX", "AWI.AX", "AWO.AX", "AWQ.AX", "AXZ.AX", "AYA.AX", "AYB.AX", "AYC.AX", "AYD.AX", "AYH.AX", "AYJ.AX", "AZC.AX", "AZK.AX", "AZQ.AX", "AZZ.AX", "BBG.AX", "BBGDA.AX", "BBR.AX", "BCD.AX", "BCG.AX", "BCS.AX", "BDR.AX", "BEZ.AX", "BGC.AX", "BGD.AX", "BGG.AX", "BIG.AX", "BKN.AX", "BLDCD.AX", "BMH.AX", "BML.AX", "BMP.AX", "BMZ.AX", "BND.AX", "BNE.AX", "BNV.AX", "BOK.AX", "BOP.AX", "BOQKOC-A", "BPF.AX", "BPS.AX", "BRC.AX", "BRS.AX", "BTN.AX", "BTT.AX", "BUL.AX", "BUR.AX", "BYL.AX", "BYR.AX", "BZL.AX", "CAB.AX", "CAS.AX", "CBACD.AX", "CBAKOO-A", "CBAKOS-A", "CBL.AX", "CBS.AX", "CCF.AX", "CCLCD.AX", "CCZ.AX", "CDB.AX", "CDG.AX", "CDH.AX", "CDU.AX", "CEL.AX", "CER.AX", "CHF.AX", "CHP.AX", "CIK.AX", "CINPA.AX", "CIR.AX", "CIZ.AX", "CJC.AX", "CKL.AX", "CMI.AX", "CMT.AX", "CMY.AX", "CND.AX", "CNLCA.AX", "CNQ.AX", "CNX.AX", "COF.AX", "COJ.AX", "COM.AX", "COT.AX", "CPD.AX", "CPS.AX", "CQC.AX", "CR8.AX", "CRQ.AX", "CRX.AX", "CSD.AX", "CTDKOB-A", "CTR.AX", "CTT.AX", "CUU.AX", "CVE.AX", "CVG.AX", "CVO.AX", "CVT.AX", "CWC.AX", "CWH.AX", "CYA.AX", "CYS.AX", "CYU.AX", "CYY.AX", "CZA.AX", "CZZ.AX", "D13.AX", "DGX.AX", "DIG.AX", "DIS.AX", "DJXKOE-A", "DKO.AX", "DLE.AX", "DLS.AX", "DM1.AX", "DMA.AX", "DMC.AX", "DMI.AX", "DML.AX", "DMPKOE-A", "DMY.AX", "DOWKOP-A", "DRA.AX", "DRG.AX", "DSB.AX", "DSH.AX", "DSX.AX", "DTX.AX", "DUE.AX", "DUO.AX", "DVI.AX", "DXF.AX", "DYE.AX", "E88.AX", "EAL.AX", "EBT.AX", "ECO.AX", "ECV.AX", "EGO.AX", "EGODA.AX", "EGP.AX", "EGS.AX", "ELK.AX", "ELM.AX", "EMC.AX", "EMF.AX", "EMG.AX", "EMX.AX", "ENB.AX", "ENC.AX", "ENU.AX", "ENZ.AX", "EOR.AX", "EPA.AX", "EPX.AX", "EQU.AX", "ERD.AX", "ERI.AX", "ERJ.AX", "ERR.AX", "ESI.AX", "ESM.AX", "EUG.AX", "EUM.AX", "EVM.AX", "EVR.AX", "EVRDA.AX", "EXC.AX", "EXE.AX", "EXG.AX", "EXM.AX", "EXU.AX", "EZA.AX", "FAN.AX", "FCG.AX", "FCN.AX", "FCR.AX", "FDC.AX", "FET.AX", "FFT.AX", "FGI.AX", "FIE.AX", "FLK.AX", "FNTDA.AX", "FOY.AX", "FRC.AX", "FRY.AX", "FWL.AX", "FXJ.AX", "G8C.AX", "GBA.AX", "GBI.AX", "GBM.AX", "GBX.AX", "GCN.AX", "GCS.AX", "GDY.AX", "GEG.AX", "GER.AX", "GFI.AX", "GFY.AX", "GHC.AX", "GIP.AX", "GJT.AX", "GLF.AX", "GMF.AX", "GNV.AX", "GOE.AX", "GPH.AX", "GRA.AX", "GRF.AX", "GRG.AX", "GSC.AX", "GSE.AX", "GTY.AX", "GUF.AX", "GXL.AX", "GXNCA.AX", "HAO.AX", "HAZ.AX", "HDG.AX", "HDX.AX", "HFA.AX", "HGG.AX", "HHL.AX", "HHV.AX", "HJB.AX", "HLODA.AX", "HMI.AX", "HML.AX", "HOM.AX", "HSK.AX", "HSOKOB-A", "HSXKOR-A", "IAT.AX", "IB8.AX", "ICX.AX", "ICZ.AX", "IDC.AX", "IDM.AX", "IDO.AX", "IDR.AX", "IEQ.AX", "IFZ.AX", "IIL.AX", "IIN.AX", "ILH.AX", "ILUKOQ-A", "IND.AX", "INL.AX", "IOF.AX", "IOG.AX", "IPE.AX", "IPP.AX", "IQ3.AX", "IQE.AX", "IRM.AX", "ISH.AX", "ISN.AX", "ITD.AX", "ITQ.AX", "IWG.AX", "IXR.AX", "JKA.AX", "JKL.AX", "KBL.AX", "KBU.AX", "KDL.AX", "KFG.AX", "KIK.AX", "KKO.AX", "KLR.AX", "KNH.AX", "KRA.AX", "KRB.AX", "KRC.AX", "KRL.AX", "KRS.AX", "KSO.AX", "LAM.AX", "LCE.AX", "LFC.AX", "LGO.AX", "LGR.AX", "LHC.AX", "LITCB.AX", "LITCC.AX", "LLCCD.AX", "LMB.AX", "LMR.AX", "LNR.AX", "LRL.AX", "LRR.AX", "LSN.AX", "LTN.AX", "LTX.AX", "LWP.AX", "MAD.AX", "MAE.AX", "MAK.AX", "MAS.AX", "MBC.AX", "MBD.AX", "MBE.AX", "MBN.AX", "MBO.AX", "MBT.AX", "MCH.AX", "MCS.AX", "MDD.AX", "MDG.AX", "MDL.AX", "MED.AX", "MEO.AX", "MGB.AX", "MGS.AX", "MGY.AX", "MGZ.AX", "MHM.AX", "MIG.AX", "MIH.AX", "MIRN.AX", "MJP.AX", "MKB.AX", "MKE.AX", "MKO.AX", "MLA.AX", "MLB.AX", "MLI.AX", "MMG.AX", "MNE.AX", "MNM.AX", "MNQ.AX", "MOL.AX", "MOO.AX", "MOU.AX", "MOV.AX", "MOX.AX", "MOZ.AX", "MPJ.AX", "MPLKOQ-A", "MPO.AX", "MQA.AX", "MQGCD.AX", "MQGKOD-A", "MQGKOY-A", "MRF.AX", "MSC.AX", "MSI.AX", "MSM.AX", "MSP.AX", "MTA.AX", "MTD.AX", "MTL.AX", "MTN.AX", "MTR.AX", "MTU.AX", "MUA.AX", "MUB.AX", "MUE.AX", "MUI.AX", "MUM.AX", "MUS.AX", "MYN.AX", "MYT.AX", "MZI.AX", "MZM.AX", "NABCD.AX", "NCO.AX", "NDO.AX", "NEN.AX", "NFE.AX", "NGX.AX", "NHH.AX", "NHO.AX", "NIO.AX", "NMG.AX", "NMI.AX", "NOD.AX", "NOE.AX", "NRR.AX", "NRT.AX", "NSL.AX", "NSP.AX", "NSTKOQ-A", "NVI.AX", "NWR.AX", "NWT.AX", "NWZ.AX", "NXR.AX", "NZO.AX", "ODN.AX", "OEG.AX", "OFW.AX", "OGH.AX", "OGY.AX", "OKJ.AX", "OMT.AX", "ONC.AX", "OPG.AX", "ORGN.AX", "ORGR.AX", "ORL.AX", "ORS.AX", "ORX.AX", "OTC.AX", "OTH.AX", "OTI.AX", "OTR.AX", "OVR.AX", "OXXCB.AX", "OZB.AX", "PAY.AX", "PBD.AX", "PBG.AX", "PCP.AX", "PDM.AX", "PDY.AX", "PEG.AX", "PEH.AX", "PEL.AX", "PEP.AX", "PEZ.AX", "PFL.AX", "PFM.AX", "PGL.AX", "PGO.AX", "PHA.AX", "PHG.AX", "PHI.AX", "PHK.AX", "PKA.AX", "PLH.AX", "PLP.AX", "PLV.AX", "PML.AX", "PMP.AX", "PNA.AX", "PNE.AX", "POK.AX", "POP.AX", "POZ.AX", "PPN.AX", "PPP.AX", "PPX.AX", "PRA.AX", "PRG.AX", "PRH.AX", "PRR.AX", "PRY.AX", "PSF.AX", "PSY.AX", "PUN.AX", "PVA.AX", "PWW.AX", "PXG.AX", "PXR.AX", "PYM.AX", "PZC.AX", "PZR.AX", "QBL.AX", "QMN.AX", "QRX.AX", "QSS.AX", "QST.AX", "QUE.AX", "QUR.AX", "RAD.AX", "RAF.AX", "RAW.AX", "RBX.AX", "RCF.AX", "RCG.AX", "RCM.AX", "RCR.AX", "RCU.AX", "RCY.AX", "REC.AX", "RER.AX", "REZ.AX", "RFL.AX", "RGU.AX", "RGX.AX", "RHS.AX", "RIOKOC-A", "RIS.AX", "RMT.AX", "RNI.AX", "RNL.AX", "RNS.AX", "ROY.AX", "RPG.AX", "RQL.AX", "RRE.AX", "RRR.AX", "RSL.AX", "RTA.AX", "RUB.AX", "RUM.AX", "RVA.AX", "RVY.AX", "RWH.AX", "RYG.AX", "SAI.AX", "SAM.AX", "SAO.AX", "SAUDA.AX", "SAV.AX", "SAY.AX", "SBI.AX", "SBN.AX", "SBU.AX", "SDL.AX", "SDM.AX", "SEH.AX", "SFH.AX", "SFI.AX", "SFN.AX", "SFZ.AX", "SGN.AX", "SGT.AX", "SGU.AX", "SGZ.AX", "SHE.AX", "SHH.AX", "SHP.AX", "SHR.AX", "SHU.AX", "SIE.AX", "SIP.AX", "SIR.AX", "SIX.AX", "SKB.AX", "SKE.AX", "SKIKOQ-A", "SKS.AX", "SLA.AX", "SLE.AX", "SMA.AX", "SMG.AX", "SMM.AX", "SNY.AX", "SOI.AX", "SOIDA.AX", "SOO.AX", "SPFKOP-A", "SPH.AX", "SPI.AX", "SRF.AX", "SRQ.AX", "SRQDA.AX", "SRR.AX", "SRT.AX", "SRX.AX", "SSLPA.AX", "SSN.AX", "STI.AX", "STL.AX", "STOKOU-A", "STOKRN-A", "STON.AX", "STS.AX", "SUHDC.AX", "SUM.AX", "SUNCD.AX", "SVA.AX", "SWE.AX", "SWJ.AX", "SWL.AX", "SWMKOB-A", "SWR.AX", "SXI.AX", "SXT.AX", "SYP.AX", "TAG.AX", "TAHCD.AX", "TAN.AX", "TCH.AX", "TEN.AX", "TENDA.AX", "TFC.AX", "TFG.AX", "TGS.AX", "TGZ.AX", "THO.AX", "THX.AX", "TIK.AX", "TIS.AX", "TIX.AX", "TLSKOG-A", "TLSKOQ-A", "TLSKZE-A", "TLSLOP-A", "TMP.AX", "TND.AX", "TO2.AX", "TOF.AX", "TOL.AX", "TOX.AX", "TPI.AX", "TPO.AX", "TPR.AX", "TRG.AX", "TSE.AX", "TSV.AX", "TTC.AX", "TTE.AX", "TTN.AX", "TTS.AX", "TTW.AX", "TUP.AX", "TWH.AX", "TWT.AX", "TYK.AX", "TYO.AX", "UEQ.AX", "UGL.AX", "UGLKZC-A", "UIL.AX", "UML.AX", "UND.AX", "UNS.AX", "UPD.AX", "UPG.AX", "URI.AX", "URIDA.AX", "USA.AX", "USG.AX", "USH.AX", "UUL.AX", "UXA.AX", "VED.AX", "VEI.AX", "VELCP.AX", "VELIN.AX", "VELPA.AX", "VET.AX", "VGI.AX", "VGP.AX", "VIA.AX", "VIE.AX", "VIP.AX", "VIT.AX", "VLA.AX", "VPC.AX", "VSC.AX", "VTM.AX", "VTX.AX", "VXL.AX", "WAC.AX", "WAL.AX", "WBAPA.AX", "WBCCD.AX", "WBCLOP-A", "WCB.AX", "WCC.AX", "WCP.AX", "WDC.AX", "WDCKRD-A", "WDCSRV-A", "WDCSZB-A", "WDE.AX", "WDR.AX", "WDS.AX", "WESLOW-A", "WESSRU-A", "WFD.AX", "WGL.AX", "WHE.AX", "WHFPA.AX", "WIG.AX", "WIN.AX", "WLC.AX", "WLF.AX", "WMN.AX", "WNH.AX", "WNS.AX", "WOF.AX", "WPG.AX", "WPI.AX", "WPLCD.AX", "WPLKOT-A", "WPLLOS-A", "WRR.AX", "WSG.AX", "WTP.AX", "WTR.AX", "WVL.AX", "XJOKOP-A", "XJOKZT-A", "XJOLOK-A", "XJOLOL-A", "XJOLON-A", "XJOMOQ-A", "XJOMOU-A", "XTV.AX", "XXL.AX", "YHL.AX", "YNB.AX", "YRR.AX", "YTMF02.AX", "ZAM.AX", "ZEU.AX", "ZGCKOP-A", "ZGM.AX", "ZHGKOS-A", "ZMG.AX", "ZML.AX", "ZNZ.AX", "ZRL.AX", "ZTA.AX", "ZYB.AX", "ZYL.AX"]